// Jest Snapshot v1, https://goo.gl/fbAQLP

exports[`<HomePage /> Rendering component HomePage rendering for EN 1`] = `
<div
  className="sc-bwzfXH uTxCW"
>
  <div
    className="MuiGrid-container-2 MuiGrid-direction-xs-column-5 MuiGrid-align-items-xs-center-10 MuiGrid-align-content-xs-center-14 MuiGrid-justify-xs-center-19 HomePage-mainGrid-1"
  >
    <div
      className="MuiGrid-item-3"
    >
      <h2
        className="MuiTypography-root-99 MuiTypography-h2-112 MuiTypography-alignCenter-122"
      >
        <span>
          Hello world.
        </span>
      </h2>
    </div>
    <div
      className="MuiGrid-item-3"
    >
      <div
        className="MuiGrid-container-2 MuiGrid-spacing-xs-8-24 MuiGrid-align-items-xs-center-10 MuiGrid-align-content-xs-center-14 MuiGrid-justify-xs-center-19"
      >
        <div
          className="MuiGrid-item-3"
        >
          <h6
            className="MuiTypography-root-99 MuiTypography-subtitle1-117"
          >
            <span>
              My name is Bertrand.
            </span>
          </h6>
        </div>
        <div
          className="MuiGrid-item-3"
        >
          <h6
            className="MuiTypography-root-99 MuiTypography-subtitle1-117"
          >
            <span>
              I am a good developer.
            </span>
          </h6>
        </div>
        <div
          className="MuiGrid-item-3"
        >
          <h6
            className="MuiTypography-root-99 MuiTypography-subtitle1-117"
          >
            <span>
              Or at least, I try to be.
            </span>
          </h6>
        </div>
      </div>
    </div>
  </div>
</div>
`;
